Started mié 29 jul 2026 05:30:50 -03
Total seqs 2246 in data/dataset/seqs.fasta
..........100 finished 97 clusters 104 passed 97/104 clstr/passed 4.63% done 6.93 cpu
..........200 finished 196 clusters 209 passed 99/105 clstr/passed 9.3% done 11.83 cpu
..........300 finished 289 clusters 310 passed 93/101 clstr/passed 13.8% done 15.42 cpu
..........400 finished 386 clusters 411 passed 97/101 clstr/passed 18.29% done 18.23 cpu
..........500 finished 480 clusters 513 passed 94/102 clstr/passed 22.84% done 20.51 cpu
..........600 finished 576 clusters 617 passed 96/104 clstr/passed 27.47% done 22.36 cpu
..........700 finished 673 clusters 718 passed 97/101 clstr/passed 31.96% done 24.02 cpu
..........800 finished 770 clusters 819 passed 97/101 clstr/passed 36.46% done 25.36 cpu
..........900 finished 863 clusters 917 passed 93/98 clstr/passed 40.82% done 26.64 cpu
..........1000 finished 956 clusters 1019 passed 93/102 clstr/passed 45.36% done 27.71 cpu
..........1100 finished 1048 clusters 1115 passed 92/96 clstr/passed 49.64% done 28.65 cpu
..........1200 finished 1145 clusters 1219 passed 97/104 clstr/passed 54.27% done 29.53 cpu
..........1300 finished 1236 clusters 1312 passed 91/93 clstr/passed 58.41% done 30.22 cpu
..........1400 finished 1330 clusters 1408 passed 94/96 clstr/passed 62.68% done 30.92 cpu
..........1500 finished 1424 clusters 1505 passed 94/97 clstr/passed 67% done 31.6 cpu
..........1600 finished 1521 clusters 1605 passed 97/100 clstr/passed 71.46% done 32.27 cpu
..........1700 finished 1617 clusters 1706 passed 96/101 clstr/passed 75.95% done 32.85 cpu
..........1800 finished 1711 clusters 1806 passed 94/100 clstr/passed 80.4% done 33.39 cpu
..........1900 finished 1807 clusters 1907 passed 96/101 clstr/passed 84.9% done 33.9 cpu
..........2000 finished 1903 clusters 2007 passed 96/100 clstr/passed 89.35% done 34.42 cpu
..........2100 finished 2002 clusters 2107 passed 99/100 clstr/passed 93.81% done 35.08 cpu
..........2200 finished 2095 clusters 2201 passed 93/94 clstr/passed 97.99% done 35.92 cpu
....2246 finished 2140 clusters 2246 passed 45/45 clstr/passed 100% done 37.01 cpu
Completed mié 29 jul 2026 05:31:18 -03

Total CPUs on remote hosts: 0
